[24-Sep-2025 16:31:43 America/Argentina/Buenos_Aires] entro a controller
[24-Sep-2025 16:31:43 America/Argentina/Buenos_Aires] as , dd
[24-Sep-2025 16:31:43 America/Argentina/Buenos_Aires] PHP Notice:  Undefined variable: conecction in /var/www/html/controllers/controller_login.php on line 17
[24-Sep-2025 16:31:43 America/Argentina/Buenos_Aires] PHP Fatal error:  Uncaught Error: Call to a member function query() on null in /var/www/html/controllers/controller_login.php:17
Stack trace:
#0 /var/www/html/views/login.php(15): include()
#1 {main}
  thrown in /var/www/html/controllers/controller_login.php on line 17
[24-Sep-2025 16:31:45 America/Argentina/Buenos_Aires] entro a controller
[24-Sep-2025 16:32:24 America/Argentina/Buenos_Aires] entro a controller
[24-Sep-2025 16:32:32 America/Argentina/Buenos_Aires] entro a controller
[24-Sep-2025 16:32:32 America/Argentina/Buenos_Aires] a , s
[24-Sep-2025 16:32:32 America/Argentina/Buenos_Aires] PHP Notice:  Undefined variable: conecction in /var/www/html/controllers/controller_login.php on line 17
[24-Sep-2025 16:32:32 America/Argentina/Buenos_Aires] PHP Fatal error:  Uncaught Error: Call to a member function query() on null in /var/www/html/controllers/controller_login.php:17
Stack trace:
#0 /var/www/html/views/login.php(15): include()
#1 {main}
  thrown in /var/www/html/controllers/controller_login.php on line 17
[24-Sep-2025 16:34:28 America/Argentina/Buenos_Aires] entro a controller
[24-Sep-2025 16:34:28 America/Argentina/Buenos_Aires] a , s
[24-Sep-2025 16:34:28 America/Argentina/Buenos_Aires] PHP Fatal error:  Uncaught Error: Call to undefined method PDOStatement::fetch_object() in /var/www/html/controllers/controller_login.php:18
Stack trace:
#0 /var/www/html/views/login.php(15): include()
#1 {main}
  thrown in /var/www/html/controllers/controller_login.php on line 18
[24-Sep-2025 16:34:30 America/Argentina/Buenos_Aires] entro a controller
[24-Sep-2025 16:34:34 America/Argentina/Buenos_Aires] entro a controller
[24-Sep-2025 16:34:34 America/Argentina/Buenos_Aires] a , w
[24-Sep-2025 16:34:34 America/Argentina/Buenos_Aires] PHP Fatal error:  Uncaught Error: Call to undefined method PDOStatement::fetch_object() in /var/www/html/controllers/controller_login.php:18
Stack trace:
#0 /var/www/html/views/login.php(15): include()
#1 {main}
  thrown in /var/www/html/controllers/controller_login.php on line 18
[24-Sep-2025 16:36:57 America/Argentina/Buenos_Aires] entro a controller
[24-Sep-2025 16:36:57 America/Argentina/Buenos_Aires] a , w
[24-Sep-2025 16:37:04 America/Argentina/Buenos_Aires] entro a controller
[24-Sep-2025 16:37:04 America/Argentina/Buenos_Aires] a , s
[24-Sep-2025 16:37:38 America/Argentina/Buenos_Aires] entro a controller
[24-Sep-2025 16:37:38 America/Argentina/Buenos_Aires] lucioairelc@gmail.com , 1234
[24-Sep-2025 16:37:38 America/Argentina/Buenos_Aires] PHP Warning:  Cannot modify header information - headers already sent by (output started at /var/www/html/views/login.php:1) in /var/www/html/controllers/controller_login.php on line 22
[24-Sep-2025 16:41:17 America/Argentina/Buenos_Aires] entro a controller
[24-Sep-2025 16:41:17 America/Argentina/Buenos_Aires] lucioairelc@gmail.com , 1234
[24-Sep-2025 16:41:17 America/Argentina/Buenos_Aires] PHP Warning:  Cannot modify header information - headers already sent by (output started at /var/www/html/views/login.php:1) in /var/www/html/controllers/controller_login.php on line 20
[24-Sep-2025 16:41:19 America/Argentina/Buenos_Aires] entro a controller
[24-Sep-2025 16:41:38 America/Argentina/Buenos_Aires] entro a controller
[24-Sep-2025 16:41:38 America/Argentina/Buenos_Aires] lucioairelc@gmail.com , 1234
[24-Sep-2025 16:41:38 America/Argentina/Buenos_Aires] PHP Warning:  Cannot modify header information - headers already sent by (output started at /var/www/html/views/login.php:1) in /var/www/html/controllers/controller_login.php on line 20
[24-Sep-2025 16:45:09 America/Argentina/Buenos_Aires] entro a controller
[24-Sep-2025 16:45:09 America/Argentina/Buenos_Aires] lucioairelc@gmail.com , 1234
[24-Sep-2025 16:45:09 America/Argentina/Buenos_Aires] PHP Warning:  Cannot modify header information - headers already sent by (output started at /var/www/html/views/login.php:1) in /var/www/html/controllers/controller_login.php on line 20
[24-Sep-2025 16:45:11 America/Argentina/Buenos_Aires] entro a controller
[24-Sep-2025 16:45:11 America/Argentina/Buenos_Aires] lucioairelc@gmail.com , 1234
[24-Sep-2025 16:45:11 America/Argentina/Buenos_Aires] PHP Warning:  Cannot modify header information - headers already sent by (output started at /var/www/html/views/login.php:1) in /var/www/html/controllers/controller_login.php on line 20
[24-Sep-2025 16:45:12 America/Argentina/Buenos_Aires] entro a controller
[24-Sep-2025 16:45:19 America/Argentina/Buenos_Aires] entro a controller
[24-Sep-2025 16:45:19 America/Argentina/Buenos_Aires] a , s
[24-Sep-2025 16:45:34 America/Argentina/Buenos_Aires] entro a controller
[24-Sep-2025 16:45:34 America/Argentina/Buenos_Aires] lucioairelc@gmail.com , 1234
[24-Sep-2025 16:45:34 America/Argentina/Buenos_Aires] PHP Warning:  Cannot modify header information - headers already sent by (output started at /var/www/html/views/login.php:1) in /var/www/html/controllers/controller_login.php on line 20
[24-Sep-2025 16:49:03 America/Argentina/Buenos_Aires] entro a controller
[24-Sep-2025 16:49:16 America/Argentina/Buenos_Aires] entro a controller
[24-Sep-2025 16:49:16 America/Argentina/Buenos_Aires] lucioairelc@gmail.com ,  	1234
[24-Sep-2025 16:49:32 America/Argentina/Buenos_Aires] entro a controller
[24-Sep-2025 16:49:32 America/Argentina/Buenos_Aires] lucioairelc@gmail.com , 1234
[24-Sep-2025 16:49:32 America/Argentina/Buenos_Aires] PHP Warning:  Cannot modify header information - headers already sent by (output started at /var/www/html/views/login.php:1) in /var/www/html/controllers/controller_login.php on line 22
[24-Sep-2025 16:51:41 America/Argentina/Buenos_Aires] entro a controller
[24-Sep-2025 16:51:52 America/Argentina/Buenos_Aires] entro a controller
[24-Sep-2025 16:51:52 America/Argentina/Buenos_Aires] lucioairelc@gmail.com , 1234
[24-Sep-2025 16:51:52 America/Argentina/Buenos_Aires] PHP Warning:  Cannot modify header information - headers already sent by (output started at /var/www/html/views/login.php:1) in /var/www/html/controllers/controller_login.php on line 22
[24-Sep-2025 16:54:30 America/Argentina/Buenos_Aires] entro a controller
[24-Sep-2025 16:54:39 America/Argentina/Buenos_Aires] entro a controller
[24-Sep-2025 16:54:39 America/Argentina/Buenos_Aires] lucioairelc@gmail.com , 1234
[24-Sep-2025 16:54:39 America/Argentina/Buenos_Aires] PHP Warning:  Cannot modify header information - headers already sent by (output started at /var/www/html/views/login.php:1) in /var/www/html/controllers/controller_login.php on line 28
[24-Sep-2025 16:55:15 America/Argentina/Buenos_Aires] entro a controller
[24-Sep-2025 16:55:15 America/Argentina/Buenos_Aires] PHP Warning:  session_start(): Cannot start session when headers already sent in /var/www/html/controllers/controller_login.php on line 15
[24-Sep-2025 16:55:30 America/Argentina/Buenos_Aires] entro a controller
[24-Sep-2025 16:55:43 America/Argentina/Buenos_Aires] entro a controller
[24-Sep-2025 16:55:43 America/Argentina/Buenos_Aires] lucioairelc@gmail.com , 1234
[24-Sep-2025 16:55:43 America/Argentina/Buenos_Aires] PHP Warning:  Cannot modify header information - headers already sent by (output started at /var/www/html/views/login.php:1) in /var/www/html/controllers/controller_login.php on line 41
